<?xml version="1.0" encoding="UTF-8"?>
<testsuites>
  <testsuite name="/home/edmunds/magebit-challenge/tests" tests="29" assertions="0" errors="29" warnings="0" failures="0" skipped="0" time="10.586237">
    <testsuite name="Tests\Browser\AppFunctionalityTest" file="/home/edmunds/magebit-challenge/tests/Browser/AppFunctionalityTest.php" tests="13" assertions="0" errors="13" warnings="0" failures="0" skipped="0" time="6.884729">
      <testcase name="testCanAccessIndex" class="Tests\Browser\AppFunctionalityTest" classname="Tests.Browser.AppFunctionalityTest" file="/home/edmunds/magebit-challenge/tests/Browser/AppFunctionalityTest.php" line="59" assertions="0" time="0.897477">
        <error type="Facebook\WebDriver\Exception\Internal\WebDriverCurlException">Tests\Browser\AppFunctionalityTest::testCanAccessIndex
Facebook\WebDriver\Exception\Internal\WebDriverCurlException: Curl error thrown for http POST to /session with params: {"capabilities":{"firstMatch":[{"browserName":"chrome","goog:chromeOptions":{"args":["--window-size=1920,1080","--disable-gpu","--headless"]}}]},"desiredCapabilities":{"browserName":"chrome","platform":"ANY","chromeOptions":{"args":["--window-size=1920,1080","--disable-gpu","--headless"]}}}

Failed to connect to localhost port 9515: Connection refused

/home/edmunds/magebit-challenge/vendor/php-webdriver/webdriver/lib/Exception/Internal/WebDriverCurlException.php:20
/home/edmunds/magebit-challenge/vendor/php-webdriver/webdriver/lib/Remote/HttpCommandExecutor.php:328
/home/edmunds/magebit-challenge/vendor/php-webdriver/webdriver/lib/Remote/RemoteWebDriver.php:129
/home/edmunds/magebit-challenge/tests/DuskTestCase.php:43
/home/edmunds/magebit-challenge/vendor/laravel/dusk/src/Concerns/ProvidesBrowser.php:219
/home/edmunds/magebit-challenge/vendor/laravel/framework/src/Illuminate/Support/helpers.php:234
/home/edmunds/magebit-challenge/vendor/laravel/dusk/src/Concerns/ProvidesBrowser.php:218
/home/edmunds/magebit-challenge/vendor/laravel/dusk/src/Concerns/ProvidesBrowser.php:98
/home/edmunds/magebit-challenge/vendor/laravel/dusk/src/Concerns/ProvidesBrowser.php:66
/home/edmunds/magebit-challenge/tests/Browser/AppFunctionalityTest.php:61</error>
      </testcase>
      <testcase name="testLoginEmailValidation" class="Tests\Browser\AppFunctionalityTest" classname="Tests.Browser.AppFunctionalityTest" file="/home/edmunds/magebit-challenge/tests/Browser/AppFunctionalityTest.php" line="73" assertions="0" time="0.500927">
        <error type="Facebook\WebDriver\Exception\Internal\WebDriverCurlException">Tests\Browser\AppFunctionalityTest::testLoginEmailValidation
Facebook\WebDriver\Exception\Internal\WebDriverCurlException: Curl error thrown for http POST to /session with params: {"capabilities":{"firstMatch":[{"browserName":"chrome","goog:chromeOptions":{"args":["--window-size=1920,1080","--disable-gpu","--headless"]}}]},"desiredCapabilities":{"browserName":"chrome","platform":"ANY","chromeOptions":{"args":["--window-size=1920,1080","--disable-gpu","--headless"]}}}

Failed to connect to localhost port 9515: Connection refused

/home/edmunds/magebit-challenge/vendor/php-webdriver/webdriver/lib/Exception/Internal/WebDriverCurlException.php:20
/home/edmunds/magebit-challenge/vendor/php-webdriver/webdriver/lib/Remote/HttpCommandExecutor.php:328
/home/edmunds/magebit-challenge/vendor/php-webdriver/webdriver/lib/Remote/RemoteWebDriver.php:129
/home/edmunds/magebit-challenge/tests/DuskTestCase.php:43
/home/edmunds/magebit-challenge/vendor/laravel/dusk/src/Concerns/ProvidesBrowser.php:219
/home/edmunds/magebit-challenge/vendor/laravel/framework/src/Illuminate/Support/helpers.php:234
/home/edmunds/magebit-challenge/vendor/laravel/dusk/src/Concerns/ProvidesBrowser.php:218
/home/edmunds/magebit-challenge/vendor/laravel/dusk/src/Concerns/ProvidesBrowser.php:98
/home/edmunds/magebit-challenge/vendor/laravel/dusk/src/Concerns/ProvidesBrowser.php:66
/home/edmunds/magebit-challenge/tests/Browser/AppFunctionalityTest.php:75</error>
      </testcase>
      <testcase name="testRegisterEmailValidation" class="Tests\Browser\AppFunctionalityTest" classname="Tests.Browser.AppFunctionalityTest" file="/home/edmunds/magebit-challenge/tests/Browser/AppFunctionalityTest.php" line="90" assertions="0" time="0.494647">
        <error type="Facebook\WebDriver\Exception\Internal\WebDriverCurlException">Tests\Browser\AppFunctionalityTest::testRegisterEmailValidation
Facebook\WebDriver\Exception\Internal\WebDriverCurlException: Curl error thrown for http POST to /session with params: {"capabilities":{"firstMatch":[{"browserName":"chrome","goog:chromeOptions":{"args":["--window-size=1920,1080","--disable-gpu","--headless"]}}]},"desiredCapabilities":{"browserName":"chrome","platform":"ANY","chromeOptions":{"args":["--window-size=1920,1080","--disable-gpu","--headless"]}}}

Failed to connect to localhost port 9515: Connection refused

/home/edmunds/magebit-challenge/vendor/php-webdriver/webdriver/lib/Exception/Internal/WebDriverCurlException.php:20
/home/edmunds/magebit-challenge/vendor/php-webdriver/webdriver/lib/Remote/HttpCommandExecutor.php:328
/home/edmunds/magebit-challenge/vendor/php-webdriver/webdriver/lib/Remote/RemoteWebDriver.php:129
/home/edmunds/magebit-challenge/tests/DuskTestCase.php:43
/home/edmunds/magebit-challenge/vendor/laravel/dusk/src/Concerns/ProvidesBrowser.php:219
/home/edmunds/magebit-challenge/vendor/laravel/framework/src/Illuminate/Support/helpers.php:234
/home/edmunds/magebit-challenge/vendor/laravel/dusk/src/Concerns/ProvidesBrowser.php:218
/home/edmunds/magebit-challenge/vendor/laravel/dusk/src/Concerns/ProvidesBrowser.php:98
/home/edmunds/magebit-challenge/vendor/laravel/dusk/src/Concerns/ProvidesBrowser.php:66
/home/edmunds/magebit-challenge/tests/Browser/AppFunctionalityTest.php:92</error>
      </testcase>
      <testcase name="testRegisterPasswordValidation" class="Tests\Browser\AppFunctionalityTest" classname="Tests.Browser.AppFunctionalityTest" file="/home/edmunds/magebit-challenge/tests/Browser/AppFunctionalityTest.php" line="107" assertions="0" time="0.502455">
        <error type="Facebook\WebDriver\Exception\Internal\WebDriverCurlException">Tests\Browser\AppFunctionalityTest::testRegisterPasswordValidation
Facebook\WebDriver\Exception\Internal\WebDriverCurlException: Curl error thrown for http POST to /session with params: {"capabilities":{"firstMatch":[{"browserName":"chrome","goog:chromeOptions":{"args":["--window-size=1920,1080","--disable-gpu","--headless"]}}]},"desiredCapabilities":{"browserName":"chrome","platform":"ANY","chromeOptions":{"args":["--window-size=1920,1080","--disable-gpu","--headless"]}}}

Failed to connect to localhost port 9515: Connection refused

/home/edmunds/magebit-challenge/vendor/php-webdriver/webdriver/lib/Exception/Internal/WebDriverCurlException.php:20
/home/edmunds/magebit-challenge/vendor/php-webdriver/webdriver/lib/Remote/HttpCommandExecutor.php:328
/home/edmunds/magebit-challenge/vendor/php-webdriver/webdriver/lib/Remote/RemoteWebDriver.php:129
/home/edmunds/magebit-challenge/tests/DuskTestCase.php:43
/home/edmunds/magebit-challenge/vendor/laravel/dusk/src/Concerns/ProvidesBrowser.php:219
/home/edmunds/magebit-challenge/vendor/laravel/framework/src/Illuminate/Support/helpers.php:234
/home/edmunds/magebit-challenge/vendor/laravel/dusk/src/Concerns/ProvidesBrowser.php:218
/home/edmunds/magebit-challenge/vendor/laravel/dusk/src/Concerns/ProvidesBrowser.php:98
/home/edmunds/magebit-challenge/vendor/laravel/dusk/src/Concerns/ProvidesBrowser.php:66
/home/edmunds/magebit-challenge/tests/Browser/AppFunctionalityTest.php:109</error>
      </testcase>
      <testcase name="testLoginErrorMessage" class="Tests\Browser\AppFunctionalityTest" classname="Tests.Browser.AppFunctionalityTest" file="/home/edmunds/magebit-challenge/tests/Browser/AppFunctionalityTest.php" line="124" assertions="0" time="0.487443">
        <error type="Facebook\WebDriver\Exception\Internal\WebDriverCurlException">Tests\Browser\AppFunctionalityTest::testLoginErrorMessage
Facebook\WebDriver\Exception\Internal\WebDriverCurlException: Curl error thrown for http POST to /session with params: {"capabilities":{"firstMatch":[{"browserName":"chrome","goog:chromeOptions":{"args":["--window-size=1920,1080","--disable-gpu","--headless"]}}]},"desiredCapabilities":{"browserName":"chrome","platform":"ANY","chromeOptions":{"args":["--window-size=1920,1080","--disable-gpu","--headless"]}}}

Failed to connect to localhost port 9515: Connection refused

/home/edmunds/magebit-challenge/vendor/php-webdriver/webdriver/lib/Exception/Internal/WebDriverCurlException.php:20
/home/edmunds/magebit-challenge/vendor/php-webdriver/webdriver/lib/Remote/HttpCommandExecutor.php:328
/home/edmunds/magebit-challenge/vendor/php-webdriver/webdriver/lib/Remote/RemoteWebDriver.php:129
/home/edmunds/magebit-challenge/tests/DuskTestCase.php:43
/home/edmunds/magebit-challenge/vendor/laravel/dusk/src/Concerns/ProvidesBrowser.php:219
/home/edmunds/magebit-challenge/vendor/laravel/framework/src/Illuminate/Support/helpers.php:234
/home/edmunds/magebit-challenge/vendor/laravel/dusk/src/Concerns/ProvidesBrowser.php:218
/home/edmunds/magebit-challenge/vendor/laravel/dusk/src/Concerns/ProvidesBrowser.php:98
/home/edmunds/magebit-challenge/vendor/laravel/dusk/src/Concerns/ProvidesBrowser.php:66
/home/edmunds/magebit-challenge/tests/Browser/AppFunctionalityTest.php:126</error>
      </testcase>
      <testcase name="testRegisterSuccessMessage" class="Tests\Browser\AppFunctionalityTest" classname="Tests.Browser.AppFunctionalityTest" file="/home/edmunds/magebit-challenge/tests/Browser/AppFunctionalityTest.php" line="142" assertions="0" time="0.507554">
        <error type="Facebook\WebDriver\Exception\Internal\WebDriverCurlException">Tests\Browser\AppFunctionalityTest::testRegisterSuccessMessage
Facebook\WebDriver\Exception\Internal\WebDriverCurlException: Curl error thrown for http POST to /session with params: {"capabilities":{"firstMatch":[{"browserName":"chrome","goog:chromeOptions":{"args":["--window-size=1920,1080","--disable-gpu","--headless"]}}]},"desiredCapabilities":{"browserName":"chrome","platform":"ANY","chromeOptions":{"args":["--window-size=1920,1080","--disable-gpu","--headless"]}}}

Failed to connect to localhost port 9515: Connection refused

/home/edmunds/magebit-challenge/vendor/php-webdriver/webdriver/lib/Exception/Internal/WebDriverCurlException.php:20
/home/edmunds/magebit-challenge/vendor/php-webdriver/webdriver/lib/Remote/HttpCommandExecutor.php:328
/home/edmunds/magebit-challenge/vendor/php-webdriver/webdriver/lib/Remote/RemoteWebDriver.php:129
/home/edmunds/magebit-challenge/tests/DuskTestCase.php:43
/home/edmunds/magebit-challenge/vendor/laravel/dusk/src/Concerns/ProvidesBrowser.php:219
/home/edmunds/magebit-challenge/vendor/laravel/framework/src/Illuminate/Support/helpers.php:234
/home/edmunds/magebit-challenge/vendor/laravel/dusk/src/Concerns/ProvidesBrowser.php:218
/home/edmunds/magebit-challenge/vendor/laravel/dusk/src/Concerns/ProvidesBrowser.php:98
/home/edmunds/magebit-challenge/vendor/laravel/dusk/src/Concerns/ProvidesBrowser.php:66
/home/edmunds/magebit-challenge/tests/Browser/AppFunctionalityTest.php:144</error>
      </testcase>
      <testcase name="testSuccessRouteGuard" class="Tests\Browser\AppFunctionalityTest" classname="Tests.Browser.AppFunctionalityTest" file="/home/edmunds/magebit-challenge/tests/Browser/AppFunctionalityTest.php" line="163" assertions="0" time="0.493699">
        <error type="Facebook\WebDriver\Exception\Internal\WebDriverCurlException">Tests\Browser\AppFunctionalityTest::testSuccessRouteGuard
Facebook\WebDriver\Exception\Internal\WebDriverCurlException: Curl error thrown for http POST to /session with params: {"capabilities":{"firstMatch":[{"browserName":"chrome","goog:chromeOptions":{"args":["--window-size=1920,1080","--disable-gpu","--headless"]}}]},"desiredCapabilities":{"browserName":"chrome","platform":"ANY","chromeOptions":{"args":["--window-size=1920,1080","--disable-gpu","--headless"]}}}

Failed to connect to localhost port 9515: Connection refused

/home/edmunds/magebit-challenge/vendor/php-webdriver/webdriver/lib/Exception/Internal/WebDriverCurlException.php:20
/home/edmunds/magebit-challenge/vendor/php-webdriver/webdriver/lib/Remote/HttpCommandExecutor.php:328
/home/edmunds/magebit-challenge/vendor/php-webdriver/webdriver/lib/Remote/RemoteWebDriver.php:129
/home/edmunds/magebit-challenge/tests/DuskTestCase.php:43
/home/edmunds/magebit-challenge/vendor/laravel/dusk/src/Concerns/ProvidesBrowser.php:219
/home/edmunds/magebit-challenge/vendor/laravel/framework/src/Illuminate/Support/helpers.php:234
/home/edmunds/magebit-challenge/vendor/laravel/dusk/src/Concerns/ProvidesBrowser.php:218
/home/edmunds/magebit-challenge/vendor/laravel/dusk/src/Concerns/ProvidesBrowser.php:98
/home/edmunds/magebit-challenge/vendor/laravel/dusk/src/Concerns/ProvidesBrowser.php:66
/home/edmunds/magebit-challenge/tests/Browser/AppFunctionalityTest.php:165</error>
      </testcase>
      <testcase name="testDoesLoginFail" class="Tests\Browser\AppFunctionalityTest" classname="Tests.Browser.AppFunctionalityTest" file="/home/edmunds/magebit-challenge/tests/Browser/AppFunctionalityTest.php" line="177" assertions="0" time="0.472840">
        <error type="Facebook\WebDriver\Exception\Internal\WebDriverCurlException">Tests\Browser\AppFunctionalityTest::testDoesLoginFail
Facebook\WebDriver\Exception\Internal\WebDriverCurlException: Curl error thrown for http POST to /session with params: {"capabilities":{"firstMatch":[{"browserName":"chrome","goog:chromeOptions":{"args":["--window-size=1920,1080","--disable-gpu","--headless"]}}]},"desiredCapabilities":{"browserName":"chrome","platform":"ANY","chromeOptions":{"args":["--window-size=1920,1080","--disable-gpu","--headless"]}}}

Failed to connect to localhost port 9515: Connection refused

/home/edmunds/magebit-challenge/vendor/php-webdriver/webdriver/lib/Exception/Internal/WebDriverCurlException.php:20
/home/edmunds/magebit-challenge/vendor/php-webdriver/webdriver/lib/Remote/HttpCommandExecutor.php:328
/home/edmunds/magebit-challenge/vendor/php-webdriver/webdriver/lib/Remote/RemoteWebDriver.php:129
/home/edmunds/magebit-challenge/tests/DuskTestCase.php:43
/home/edmunds/magebit-challenge/vendor/laravel/dusk/src/Concerns/ProvidesBrowser.php:219
/home/edmunds/magebit-challenge/vendor/laravel/framework/src/Illuminate/Support/helpers.php:234
/home/edmunds/magebit-challenge/vendor/laravel/dusk/src/Concerns/ProvidesBrowser.php:218
/home/edmunds/magebit-challenge/vendor/laravel/dusk/src/Concerns/ProvidesBrowser.php:98
/home/edmunds/magebit-challenge/vendor/laravel/dusk/src/Concerns/ProvidesBrowser.php:66
/home/edmunds/magebit-challenge/tests/Browser/AppFunctionalityTest.php:179</error>
      </testcase>
      <testcase name="testDoesRegisterFail" class="Tests\Browser\AppFunctionalityTest" classname="Tests.Browser.AppFunctionalityTest" file="/home/edmunds/magebit-challenge/tests/Browser/AppFunctionalityTest.php" line="195" assertions="0" time="0.487982">
        <error type="Facebook\WebDriver\Exception\Internal\WebDriverCurlException">Tests\Browser\AppFunctionalityTest::testDoesRegisterFail
Facebook\WebDriver\Exception\Internal\WebDriverCurlException: Curl error thrown for http POST to /session with params: {"capabilities":{"firstMatch":[{"browserName":"chrome","goog:chromeOptions":{"args":["--window-size=1920,1080","--disable-gpu","--headless"]}}]},"desiredCapabilities":{"browserName":"chrome","platform":"ANY","chromeOptions":{"args":["--window-size=1920,1080","--disable-gpu","--headless"]}}}

Failed to connect to localhost port 9515: Connection refused

/home/edmunds/magebit-challenge/vendor/php-webdriver/webdriver/lib/Exception/Internal/WebDriverCurlException.php:20
/home/edmunds/magebit-challenge/vendor/php-webdriver/webdriver/lib/Remote/HttpCommandExecutor.php:328
/home/edmunds/magebit-challenge/vendor/php-webdriver/webdriver/lib/Remote/RemoteWebDriver.php:129
/home/edmunds/magebit-challenge/tests/DuskTestCase.php:43
/home/edmunds/magebit-challenge/vendor/laravel/dusk/src/Concerns/ProvidesBrowser.php:219
/home/edmunds/magebit-challenge/vendor/laravel/framework/src/Illuminate/Support/helpers.php:234
/home/edmunds/magebit-challenge/vendor/laravel/dusk/src/Concerns/ProvidesBrowser.php:218
/home/edmunds/magebit-challenge/vendor/laravel/dusk/src/Concerns/ProvidesBrowser.php:98
/home/edmunds/magebit-challenge/vendor/laravel/dusk/src/Concerns/ProvidesBrowser.php:66
/home/edmunds/magebit-challenge/tests/Browser/AppFunctionalityTest.php:197</error>
      </testcase>
      <testcase name="testDoesRegisterSucceed" class="Tests\Browser\AppFunctionalityTest" classname="Tests.Browser.AppFunctionalityTest" file="/home/edmunds/magebit-challenge/tests/Browser/AppFunctionalityTest.php" line="216" assertions="0" time="0.502813">
        <error type="Facebook\WebDriver\Exception\Internal\WebDriverCurlException">Tests\Browser\AppFunctionalityTest::testDoesRegisterSucceed
Facebook\WebDriver\Exception\Internal\WebDriverCurlException: Curl error thrown for http POST to /session with params: {"capabilities":{"firstMatch":[{"browserName":"chrome","goog:chromeOptions":{"args":["--window-size=1920,1080","--disable-gpu","--headless"]}}]},"desiredCapabilities":{"browserName":"chrome","platform":"ANY","chromeOptions":{"args":["--window-size=1920,1080","--disable-gpu","--headless"]}}}

Failed to connect to localhost port 9515: Connection refused

/home/edmunds/magebit-challenge/vendor/php-webdriver/webdriver/lib/Exception/Internal/WebDriverCurlException.php:20
/home/edmunds/magebit-challenge/vendor/php-webdriver/webdriver/lib/Remote/HttpCommandExecutor.php:328
/home/edmunds/magebit-challenge/vendor/php-webdriver/webdriver/lib/Remote/RemoteWebDriver.php:129
/home/edmunds/magebit-challenge/tests/DuskTestCase.php:43
/home/edmunds/magebit-challenge/vendor/laravel/dusk/src/Concerns/ProvidesBrowser.php:219
/home/edmunds/magebit-challenge/vendor/laravel/framework/src/Illuminate/Support/helpers.php:234
/home/edmunds/magebit-challenge/vendor/laravel/dusk/src/Concerns/ProvidesBrowser.php:218
/home/edmunds/magebit-challenge/vendor/laravel/dusk/src/Concerns/ProvidesBrowser.php:98
/home/edmunds/magebit-challenge/vendor/laravel/dusk/src/Concerns/ProvidesBrowser.php:66
/home/edmunds/magebit-challenge/tests/Browser/AppFunctionalityTest.php:218</error>
      </testcase>
      <testcase name="testDoesLoginSucceed" class="Tests\Browser\AppFunctionalityTest" classname="Tests.Browser.AppFunctionalityTest" file="/home/edmunds/magebit-challenge/tests/Browser/AppFunctionalityTest.php" line="238" assertions="0" time="0.536042">
        <error type="Facebook\WebDriver\Exception\Internal\WebDriverCurlException">Tests\Browser\AppFunctionalityTest::testDoesLoginSucceed
Facebook\WebDriver\Exception\Internal\WebDriverCurlException: Curl error thrown for http POST to /session with params: {"capabilities":{"firstMatch":[{"browserName":"chrome","goog:chromeOptions":{"args":["--window-size=1920,1080","--disable-gpu","--headless"]}}]},"desiredCapabilities":{"browserName":"chrome","platform":"ANY","chromeOptions":{"args":["--window-size=1920,1080","--disable-gpu","--headless"]}}}

Failed to connect to localhost port 9515: Connection refused

/home/edmunds/magebit-challenge/vendor/php-webdriver/webdriver/lib/Exception/Internal/WebDriverCurlException.php:20
/home/edmunds/magebit-challenge/vendor/php-webdriver/webdriver/lib/Remote/HttpCommandExecutor.php:328
/home/edmunds/magebit-challenge/vendor/php-webdriver/webdriver/lib/Remote/RemoteWebDriver.php:129
/home/edmunds/magebit-challenge/tests/DuskTestCase.php:43
/home/edmunds/magebit-challenge/vendor/laravel/dusk/src/Concerns/ProvidesBrowser.php:219
/home/edmunds/magebit-challenge/vendor/laravel/framework/src/Illuminate/Support/helpers.php:234
/home/edmunds/magebit-challenge/vendor/laravel/dusk/src/Concerns/ProvidesBrowser.php:218
/home/edmunds/magebit-challenge/vendor/laravel/dusk/src/Concerns/ProvidesBrowser.php:98
/home/edmunds/magebit-challenge/vendor/laravel/dusk/src/Concerns/ProvidesBrowser.php:66
/home/edmunds/magebit-challenge/tests/Browser/AppFunctionalityTest.php:241</error>
      </testcase>
      <testcase name="testSuccessPageContent" class="Tests\Browser\AppFunctionalityTest" classname="Tests.Browser.AppFunctionalityTest" file="/home/edmunds/magebit-challenge/tests/Browser/AppFunctionalityTest.php" line="257" assertions="0" time="0.497012">
        <error type="Facebook\WebDriver\Exception\Internal\WebDriverCurlException">Tests\Browser\AppFunctionalityTest::testSuccessPageContent
Facebook\WebDriver\Exception\Internal\WebDriverCurlException: Curl error thrown for http POST to /session with params: {"capabilities":{"firstMatch":[{"browserName":"chrome","goog:chromeOptions":{"args":["--window-size=1920,1080","--disable-gpu","--headless"]}}]},"desiredCapabilities":{"browserName":"chrome","platform":"ANY","chromeOptions":{"args":["--window-size=1920,1080","--disable-gpu","--headless"]}}}

Failed to connect to localhost port 9515: Connection refused

/home/edmunds/magebit-challenge/vendor/php-webdriver/webdriver/lib/Exception/Internal/WebDriverCurlException.php:20
/home/edmunds/magebit-challenge/vendor/php-webdriver/webdriver/lib/Remote/HttpCommandExecutor.php:328
/home/edmunds/magebit-challenge/vendor/php-webdriver/webdriver/lib/Remote/RemoteWebDriver.php:129
/home/edmunds/magebit-challenge/tests/DuskTestCase.php:43
/home/edmunds/magebit-challenge/vendor/laravel/dusk/src/Concerns/ProvidesBrowser.php:219
/home/edmunds/magebit-challenge/vendor/laravel/framework/src/Illuminate/Support/helpers.php:234
/home/edmunds/magebit-challenge/vendor/laravel/dusk/src/Concerns/ProvidesBrowser.php:218
/home/edmunds/magebit-challenge/vendor/laravel/dusk/src/Concerns/ProvidesBrowser.php:98
/home/edmunds/magebit-challenge/vendor/laravel/dusk/src/Concerns/ProvidesBrowser.php:66
/home/edmunds/magebit-challenge/tests/Browser/AppFunctionalityTest.php:260</error>
      </testcase>
      <testcase name="testLogout" class="Tests\Browser\AppFunctionalityTest" classname="Tests.Browser.AppFunctionalityTest" file="/home/edmunds/magebit-challenge/tests/Browser/AppFunctionalityTest.php" line="279" assertions="0" time="0.503838">
        <error type="Facebook\WebDriver\Exception\Internal\WebDriverCurlException">Tests\Browser\AppFunctionalityTest::testLogout
Facebook\WebDriver\Exception\Internal\WebDriverCurlException: Curl error thrown for http POST to /session with params: {"capabilities":{"firstMatch":[{"browserName":"chrome","goog:chromeOptions":{"args":["--window-size=1920,1080","--disable-gpu","--headless"]}}]},"desiredCapabilities":{"browserName":"chrome","platform":"ANY","chromeOptions":{"args":["--window-size=1920,1080","--disable-gpu","--headless"]}}}

Failed to connect to localhost port 9515: Connection refused

/home/edmunds/magebit-challenge/vendor/php-webdriver/webdriver/lib/Exception/Internal/WebDriverCurlException.php:20
/home/edmunds/magebit-challenge/vendor/php-webdriver/webdriver/lib/Remote/HttpCommandExecutor.php:328
/home/edmunds/magebit-challenge/vendor/php-webdriver/webdriver/lib/Remote/RemoteWebDriver.php:129
/home/edmunds/magebit-challenge/tests/DuskTestCase.php:43
/home/edmunds/magebit-challenge/vendor/laravel/dusk/src/Concerns/ProvidesBrowser.php:219
/home/edmunds/magebit-challenge/vendor/laravel/framework/src/Illuminate/Support/helpers.php:234
/home/edmunds/magebit-challenge/vendor/laravel/dusk/src/Concerns/ProvidesBrowser.php:218
/home/edmunds/magebit-challenge/vendor/laravel/dusk/src/Concerns/ProvidesBrowser.php:98
/home/edmunds/magebit-challenge/vendor/laravel/dusk/src/Concerns/ProvidesBrowser.php:66
/home/edmunds/magebit-challenge/tests/Browser/AppFunctionalityTest.php:282</error>
      </testcase>
    </testsuite>
    <testsuite name="Tests\Browser\AppStylingTest" file="/home/edmunds/magebit-challenge/tests/Browser/AppStylingTest.php" tests="16" assertions="0" errors="16" warnings="0" failures="0" skipped="0" time="3.701508">
      <testcase name="testIsCorrectFontFamily" class="Tests\Browser\AppStylingTest" classname="Tests.Browser.AppStylingTest" file="/home/edmunds/magebit-challenge/tests/Browser/AppStylingTest.php" line="109" assertions="0" time="0.233711">
        <error type="Facebook\WebDriver\Exception\Internal\WebDriverCurlException">Tests\Browser\AppStylingTest::testIsCorrectFontFamily
Facebook\WebDriver\Exception\Internal\WebDriverCurlException: Curl error thrown for http POST to /session with params: {"capabilities":{"firstMatch":[{"browserName":"chrome","goog:chromeOptions":{"args":["--window-size=1920,1080","--disable-gpu","--headless"]}}]},"desiredCapabilities":{"browserName":"chrome","platform":"ANY","chromeOptions":{"args":["--window-size=1920,1080","--disable-gpu","--headless"]}}}

Failed to connect to localhost port 9515: Connection refused

/home/edmunds/magebit-challenge/vendor/php-webdriver/webdriver/lib/Exception/Internal/WebDriverCurlException.php:20
/home/edmunds/magebit-challenge/vendor/php-webdriver/webdriver/lib/Remote/HttpCommandExecutor.php:328
/home/edmunds/magebit-challenge/vendor/php-webdriver/webdriver/lib/Remote/RemoteWebDriver.php:129
/home/edmunds/magebit-challenge/tests/DuskTestCase.php:43
/home/edmunds/magebit-challenge/vendor/laravel/dusk/src/Concerns/ProvidesBrowser.php:219
/home/edmunds/magebit-challenge/vendor/laravel/framework/src/Illuminate/Support/helpers.php:234
/home/edmunds/magebit-challenge/vendor/laravel/dusk/src/Concerns/ProvidesBrowser.php:218
/home/edmunds/magebit-challenge/vendor/laravel/dusk/src/Concerns/ProvidesBrowser.php:98
/home/edmunds/magebit-challenge/vendor/laravel/dusk/src/Concerns/ProvidesBrowser.php:66
/home/edmunds/magebit-challenge/tests/Browser/AppStylingTest.php:111</error>
      </testcase>
      <testcase name="testIsButtonCorrectColor" class="Tests\Browser\AppStylingTest" classname="Tests.Browser.AppStylingTest" file="/home/edmunds/magebit-challenge/tests/Browser/AppStylingTest.php" line="126" assertions="0" time="0.228791">
        <error type="Facebook\WebDriver\Exception\Internal\WebDriverCurlException">Tests\Browser\AppStylingTest::testIsButtonCorrectColor
Facebook\WebDriver\Exception\Internal\WebDriverCurlException: Curl error thrown for http POST to /session with params: {"capabilities":{"firstMatch":[{"browserName":"chrome","goog:chromeOptions":{"args":["--window-size=1920,1080","--disable-gpu","--headless"]}}]},"desiredCapabilities":{"browserName":"chrome","platform":"ANY","chromeOptions":{"args":["--window-size=1920,1080","--disable-gpu","--headless"]}}}

Failed to connect to localhost port 9515: Connection refused

/home/edmunds/magebit-challenge/vendor/php-webdriver/webdriver/lib/Exception/Internal/WebDriverCurlException.php:20
/home/edmunds/magebit-challenge/vendor/php-webdriver/webdriver/lib/Remote/HttpCommandExecutor.php:328
/home/edmunds/magebit-challenge/vendor/php-webdriver/webdriver/lib/Remote/RemoteWebDriver.php:129
/home/edmunds/magebit-challenge/tests/DuskTestCase.php:43
/home/edmunds/magebit-challenge/vendor/laravel/dusk/src/Concerns/ProvidesBrowser.php:219
/home/edmunds/magebit-challenge/vendor/laravel/framework/src/Illuminate/Support/helpers.php:234
/home/edmunds/magebit-challenge/vendor/laravel/dusk/src/Concerns/ProvidesBrowser.php:218
/home/edmunds/magebit-challenge/vendor/laravel/dusk/src/Concerns/ProvidesBrowser.php:98
/home/edmunds/magebit-challenge/vendor/laravel/dusk/src/Concerns/ProvidesBrowser.php:66
/home/edmunds/magebit-challenge/tests/Browser/AppStylingTest.php:128</error>
      </testcase>
      <testcase name="testIsHeaderIconsCorrectColor" class="Tests\Browser\AppStylingTest" classname="Tests.Browser.AppStylingTest" file="/home/edmunds/magebit-challenge/tests/Browser/AppStylingTest.php" line="146" assertions="0" time="0.229056">
        <error type="Facebook\WebDriver\Exception\Internal\WebDriverCurlException">Tests\Browser\AppStylingTest::testIsHeaderIconsCorrectColor
Facebook\WebDriver\Exception\Internal\WebDriverCurlException: Curl error thrown for http POST to /session with params: {"capabilities":{"firstMatch":[{"browserName":"chrome","goog:chromeOptions":{"args":["--window-size=1920,1080","--disable-gpu","--headless"]}}]},"desiredCapabilities":{"browserName":"chrome","platform":"ANY","chromeOptions":{"args":["--window-size=1920,1080","--disable-gpu","--headless"]}}}

Failed to connect to localhost port 9515: Connection refused

/home/edmunds/magebit-challenge/vendor/php-webdriver/webdriver/lib/Exception/Internal/WebDriverCurlException.php:20
/home/edmunds/magebit-challenge/vendor/php-webdriver/webdriver/lib/Remote/HttpCommandExecutor.php:328
/home/edmunds/magebit-challenge/vendor/php-webdriver/webdriver/lib/Remote/RemoteWebDriver.php:129
/home/edmunds/magebit-challenge/tests/DuskTestCase.php:43
/home/edmunds/magebit-challenge/vendor/laravel/dusk/src/Concerns/ProvidesBrowser.php:219
/home/edmunds/magebit-challenge/vendor/laravel/framework/src/Illuminate/Support/helpers.php:234
/home/edmunds/magebit-challenge/vendor/laravel/dusk/src/Concerns/ProvidesBrowser.php:218
/home/edmunds/magebit-challenge/vendor/laravel/dusk/src/Concerns/ProvidesBrowser.php:98
/home/edmunds/magebit-challenge/vendor/laravel/dusk/src/Concerns/ProvidesBrowser.php:66
/home/edmunds/magebit-challenge/tests/Browser/AppStylingTest.php:148</error>
      </testcase>
      <testcase name="testIsHeaderLinksCorrectColor" class="Tests\Browser\AppStylingTest" classname="Tests.Browser.AppStylingTest" file="/home/edmunds/magebit-challenge/tests/Browser/AppStylingTest.php" line="166" assertions="0" time="0.231160">
        <error type="Facebook\WebDriver\Exception\Internal\WebDriverCurlException">Tests\Browser\AppStylingTest::testIsHeaderLinksCorrectColor
Facebook\WebDriver\Exception\Internal\WebDriverCurlException: Curl error thrown for http POST to /session with params: {"capabilities":{"firstMatch":[{"browserName":"chrome","goog:chromeOptions":{"args":["--window-size=1920,1080","--disable-gpu","--headless"]}}]},"desiredCapabilities":{"browserName":"chrome","platform":"ANY","chromeOptions":{"args":["--window-size=1920,1080","--disable-gpu","--headless"]}}}

Failed to connect to localhost port 9515: Connection refused

/home/edmunds/magebit-challenge/vendor/php-webdriver/webdriver/lib/Exception/Internal/WebDriverCurlException.php:20
/home/edmunds/magebit-challenge/vendor/php-webdriver/webdriver/lib/Remote/HttpCommandExecutor.php:328
/home/edmunds/magebit-challenge/vendor/php-webdriver/webdriver/lib/Remote/RemoteWebDriver.php:129
/home/edmunds/magebit-challenge/tests/DuskTestCase.php:43
/home/edmunds/magebit-challenge/vendor/laravel/dusk/src/Concerns/ProvidesBrowser.php:219
/home/edmunds/magebit-challenge/vendor/laravel/framework/src/Illuminate/Support/helpers.php:234
/home/edmunds/magebit-challenge/vendor/laravel/dusk/src/Concerns/ProvidesBrowser.php:218
/home/edmunds/magebit-challenge/vendor/laravel/dusk/src/Concerns/ProvidesBrowser.php:98
/home/edmunds/magebit-challenge/vendor/laravel/dusk/src/Concerns/ProvidesBrowser.php:66
/home/edmunds/magebit-challenge/tests/Browser/AppStylingTest.php:168</error>
      </testcase>
      <testcase name="testIsHeaderLinksWithoutUnderline" class="Tests\Browser\AppStylingTest" classname="Tests.Browser.AppStylingTest" file="/home/edmunds/magebit-challenge/tests/Browser/AppStylingTest.php" line="186" assertions="0" time="0.231037">
        <error type="Facebook\WebDriver\Exception\Internal\WebDriverCurlException">Tests\Browser\AppStylingTest::testIsHeaderLinksWithoutUnderline
Facebook\WebDriver\Exception\Internal\WebDriverCurlException: Curl error thrown for http POST to /session with params: {"capabilities":{"firstMatch":[{"browserName":"chrome","goog:chromeOptions":{"args":["--window-size=1920,1080","--disable-gpu","--headless"]}}]},"desiredCapabilities":{"browserName":"chrome","platform":"ANY","chromeOptions":{"args":["--window-size=1920,1080","--disable-gpu","--headless"]}}}

Failed to connect to localhost port 9515: Connection refused

/home/edmunds/magebit-challenge/vendor/php-webdriver/webdriver/lib/Exception/Internal/WebDriverCurlException.php:20
/home/edmunds/magebit-challenge/vendor/php-webdriver/webdriver/lib/Remote/HttpCommandExecutor.php:328
/home/edmunds/magebit-challenge/vendor/php-webdriver/webdriver/lib/Remote/RemoteWebDriver.php:129
/home/edmunds/magebit-challenge/tests/DuskTestCase.php:43
/home/edmunds/magebit-challenge/vendor/laravel/dusk/src/Concerns/ProvidesBrowser.php:219
/home/edmunds/magebit-challenge/vendor/laravel/framework/src/Illuminate/Support/helpers.php:234
/home/edmunds/magebit-challenge/vendor/laravel/dusk/src/Concerns/ProvidesBrowser.php:218
/home/edmunds/magebit-challenge/vendor/laravel/dusk/src/Concerns/ProvidesBrowser.php:98
/home/edmunds/magebit-challenge/vendor/laravel/dusk/src/Concerns/ProvidesBrowser.php:66
/home/edmunds/magebit-challenge/tests/Browser/AppStylingTest.php:188</error>
      </testcase>
      <testcase name="testIsHeaderLinksCorrectWeight" class="Tests\Browser\AppStylingTest" classname="Tests.Browser.AppStylingTest" file="/home/edmunds/magebit-challenge/tests/Browser/AppStylingTest.php" line="206" assertions="0" time="0.243774">
        <error type="Facebook\WebDriver\Exception\Internal\WebDriverCurlException">Tests\Browser\AppStylingTest::testIsHeaderLinksCorrectWeight
Facebook\WebDriver\Exception\Internal\WebDriverCurlException: Curl error thrown for http POST to /session with params: {"capabilities":{"firstMatch":[{"browserName":"chrome","goog:chromeOptions":{"args":["--window-size=1920,1080","--disable-gpu","--headless"]}}]},"desiredCapabilities":{"browserName":"chrome","platform":"ANY","chromeOptions":{"args":["--window-size=1920,1080","--disable-gpu","--headless"]}}}

Failed to connect to localhost port 9515: Connection refused

/home/edmunds/magebit-challenge/vendor/php-webdriver/webdriver/lib/Exception/Internal/WebDriverCurlException.php:20
/home/edmunds/magebit-challenge/vendor/php-webdriver/webdriver/lib/Remote/HttpCommandExecutor.php:328
/home/edmunds/magebit-challenge/vendor/php-webdriver/webdriver/lib/Remote/RemoteWebDriver.php:129
/home/edmunds/magebit-challenge/tests/DuskTestCase.php:43
/home/edmunds/magebit-challenge/vendor/laravel/dusk/src/Concerns/ProvidesBrowser.php:219
/home/edmunds/magebit-challenge/vendor/laravel/framework/src/Illuminate/Support/helpers.php:234
/home/edmunds/magebit-challenge/vendor/laravel/dusk/src/Concerns/ProvidesBrowser.php:218
/home/edmunds/magebit-challenge/vendor/laravel/dusk/src/Concerns/ProvidesBrowser.php:98
/home/edmunds/magebit-challenge/vendor/laravel/dusk/src/Concerns/ProvidesBrowser.php:66
/home/edmunds/magebit-challenge/tests/Browser/AppStylingTest.php:208</error>
      </testcase>
      <testcase name="testIsHeaderLinksUppercase" class="Tests\Browser\AppStylingTest" classname="Tests.Browser.AppStylingTest" file="/home/edmunds/magebit-challenge/tests/Browser/AppStylingTest.php" line="225" assertions="0" time="0.230209">
        <error type="Facebook\WebDriver\Exception\Internal\WebDriverCurlException">Tests\Browser\AppStylingTest::testIsHeaderLinksUppercase
Facebook\WebDriver\Exception\Internal\WebDriverCurlException: Curl error thrown for http POST to /session with params: {"capabilities":{"firstMatch":[{"browserName":"chrome","goog:chromeOptions":{"args":["--window-size=1920,1080","--disable-gpu","--headless"]}}]},"desiredCapabilities":{"browserName":"chrome","platform":"ANY","chromeOptions":{"args":["--window-size=1920,1080","--disable-gpu","--headless"]}}}

Failed to connect to localhost port 9515: Connection refused

/home/edmunds/magebit-challenge/vendor/php-webdriver/webdriver/lib/Exception/Internal/WebDriverCurlException.php:20
/home/edmunds/magebit-challenge/vendor/php-webdriver/webdriver/lib/Remote/HttpCommandExecutor.php:328
/home/edmunds/magebit-challenge/vendor/php-webdriver/webdriver/lib/Remote/RemoteWebDriver.php:129
/home/edmunds/magebit-challenge/tests/DuskTestCase.php:43
/home/edmunds/magebit-challenge/vendor/laravel/dusk/src/Concerns/ProvidesBrowser.php:219
/home/edmunds/magebit-challenge/vendor/laravel/framework/src/Illuminate/Support/helpers.php:234
/home/edmunds/magebit-challenge/vendor/laravel/dusk/src/Concerns/ProvidesBrowser.php:218
/home/edmunds/magebit-challenge/vendor/laravel/dusk/src/Concerns/ProvidesBrowser.php:98
/home/edmunds/magebit-challenge/vendor/laravel/dusk/src/Concerns/ProvidesBrowser.php:66
/home/edmunds/magebit-challenge/tests/Browser/AppStylingTest.php:227</error>
      </testcase>
      <testcase name="testDoesHeaderBarHaveShadow" class="Tests\Browser\AppStylingTest" classname="Tests.Browser.AppStylingTest" file="/home/edmunds/magebit-challenge/tests/Browser/AppStylingTest.php" line="242" assertions="0" time="0.230477">
        <error type="Facebook\WebDriver\Exception\Internal\WebDriverCurlException">Tests\Browser\AppStylingTest::testDoesHeaderBarHaveShadow
Facebook\WebDriver\Exception\Internal\WebDriverCurlException: Curl error thrown for http POST to /session with params: {"capabilities":{"firstMatch":[{"browserName":"chrome","goog:chromeOptions":{"args":["--window-size=1920,1080","--disable-gpu","--headless"]}}]},"desiredCapabilities":{"browserName":"chrome","platform":"ANY","chromeOptions":{"args":["--window-size=1920,1080","--disable-gpu","--headless"]}}}

Failed to connect to localhost port 9515: Connection refused

/home/edmunds/magebit-challenge/vendor/php-webdriver/webdriver/lib/Exception/Internal/WebDriverCurlException.php:20
/home/edmunds/magebit-challenge/vendor/php-webdriver/webdriver/lib/Remote/HttpCommandExecutor.php:328
/home/edmunds/magebit-challenge/vendor/php-webdriver/webdriver/lib/Remote/RemoteWebDriver.php:129
/home/edmunds/magebit-challenge/tests/DuskTestCase.php:43
/home/edmunds/magebit-challenge/vendor/laravel/dusk/src/Concerns/ProvidesBrowser.php:219
/home/edmunds/magebit-challenge/vendor/laravel/framework/src/Illuminate/Support/helpers.php:234
/home/edmunds/magebit-challenge/vendor/laravel/dusk/src/Concerns/ProvidesBrowser.php:218
/home/edmunds/magebit-challenge/vendor/laravel/dusk/src/Concerns/ProvidesBrowser.php:98
/home/edmunds/magebit-challenge/vendor/laravel/dusk/src/Concerns/ProvidesBrowser.php:66
/home/edmunds/magebit-challenge/tests/Browser/AppStylingTest.php:244</error>
      </testcase>
      <testcase name="testForgotPasswordColor" class="Tests\Browser\AppStylingTest" classname="Tests.Browser.AppStylingTest" file="/home/edmunds/magebit-challenge/tests/Browser/AppStylingTest.php" line="260" assertions="0" time="0.228770">
        <error type="Facebook\WebDriver\Exception\Internal\WebDriverCurlException">Tests\Browser\AppStylingTest::testForgotPasswordColor
Facebook\WebDriver\Exception\Internal\WebDriverCurlException: Curl error thrown for http POST to /session with params: {"capabilities":{"firstMatch":[{"browserName":"chrome","goog:chromeOptions":{"args":["--window-size=1920,1080","--disable-gpu","--headless"]}}]},"desiredCapabilities":{"browserName":"chrome","platform":"ANY","chromeOptions":{"args":["--window-size=1920,1080","--disable-gpu","--headless"]}}}

Failed to connect to localhost port 9515: Connection refused

/home/edmunds/magebit-challenge/vendor/php-webdriver/webdriver/lib/Exception/Internal/WebDriverCurlException.php:20
/home/edmunds/magebit-challenge/vendor/php-webdriver/webdriver/lib/Remote/HttpCommandExecutor.php:328
/home/edmunds/magebit-challenge/vendor/php-webdriver/webdriver/lib/Remote/RemoteWebDriver.php:129
/home/edmunds/magebit-challenge/tests/DuskTestCase.php:43
/home/edmunds/magebit-challenge/vendor/laravel/dusk/src/Concerns/ProvidesBrowser.php:219
/home/edmunds/magebit-challenge/vendor/laravel/framework/src/Illuminate/Support/helpers.php:234
/home/edmunds/magebit-challenge/vendor/laravel/dusk/src/Concerns/ProvidesBrowser.php:218
/home/edmunds/magebit-challenge/vendor/laravel/dusk/src/Concerns/ProvidesBrowser.php:98
/home/edmunds/magebit-challenge/vendor/laravel/dusk/src/Concerns/ProvidesBrowser.php:66
/home/edmunds/magebit-challenge/tests/Browser/AppStylingTest.php:262</error>
      </testcase>
      <testcase name="testForgotPasswordUnderline" class="Tests\Browser\AppStylingTest" classname="Tests.Browser.AppStylingTest" file="/home/edmunds/magebit-challenge/tests/Browser/AppStylingTest.php" line="279" assertions="0" time="0.228468">
        <error type="Facebook\WebDriver\Exception\Internal\WebDriverCurlException">Tests\Browser\AppStylingTest::testForgotPasswordUnderline
Facebook\WebDriver\Exception\Internal\WebDriverCurlException: Curl error thrown for http POST to /session with params: {"capabilities":{"firstMatch":[{"browserName":"chrome","goog:chromeOptions":{"args":["--window-size=1920,1080","--disable-gpu","--headless"]}}]},"desiredCapabilities":{"browserName":"chrome","platform":"ANY","chromeOptions":{"args":["--window-size=1920,1080","--disable-gpu","--headless"]}}}

Failed to connect to localhost port 9515: Connection refused

/home/edmunds/magebit-challenge/vendor/php-webdriver/webdriver/lib/Exception/Internal/WebDriverCurlException.php:20
/home/edmunds/magebit-challenge/vendor/php-webdriver/webdriver/lib/Remote/HttpCommandExecutor.php:328
/home/edmunds/magebit-challenge/vendor/php-webdriver/webdriver/lib/Remote/RemoteWebDriver.php:129
/home/edmunds/magebit-challenge/tests/DuskTestCase.php:43
/home/edmunds/magebit-challenge/vendor/laravel/dusk/src/Concerns/ProvidesBrowser.php:219
/home/edmunds/magebit-challenge/vendor/laravel/framework/src/Illuminate/Support/helpers.php:234
/home/edmunds/magebit-challenge/vendor/laravel/dusk/src/Concerns/ProvidesBrowser.php:218
/home/edmunds/magebit-challenge/vendor/laravel/dusk/src/Concerns/ProvidesBrowser.php:98
/home/edmunds/magebit-challenge/vendor/laravel/dusk/src/Concerns/ProvidesBrowser.php:66
/home/edmunds/magebit-challenge/tests/Browser/AppStylingTest.php:281</error>
      </testcase>
      <testcase name="testFooterLinksColor" class="Tests\Browser\AppStylingTest" classname="Tests.Browser.AppStylingTest" file="/home/edmunds/magebit-challenge/tests/Browser/AppStylingTest.php" line="297" assertions="0" time="0.230438">
        <error type="Facebook\WebDriver\Exception\Internal\WebDriverCurlException">Tests\Browser\AppStylingTest::testFooterLinksColor
Facebook\WebDriver\Exception\Internal\WebDriverCurlException: Curl error thrown for http POST to /session with params: {"capabilities":{"firstMatch":[{"browserName":"chrome","goog:chromeOptions":{"args":["--window-size=1920,1080","--disable-gpu","--headless"]}}]},"desiredCapabilities":{"browserName":"chrome","platform":"ANY","chromeOptions":{"args":["--window-size=1920,1080","--disable-gpu","--headless"]}}}

Failed to connect to localhost port 9515: Connection refused

/home/edmunds/magebit-challenge/vendor/php-webdriver/webdriver/lib/Exception/Internal/WebDriverCurlException.php:20
/home/edmunds/magebit-challenge/vendor/php-webdriver/webdriver/lib/Remote/HttpCommandExecutor.php:328
/home/edmunds/magebit-challenge/vendor/php-webdriver/webdriver/lib/Remote/RemoteWebDriver.php:129
/home/edmunds/magebit-challenge/tests/DuskTestCase.php:43
/home/edmunds/magebit-challenge/vendor/laravel/dusk/src/Concerns/ProvidesBrowser.php:219
/home/edmunds/magebit-challenge/vendor/laravel/framework/src/Illuminate/Support/helpers.php:234
/home/edmunds/magebit-challenge/vendor/laravel/dusk/src/Concerns/ProvidesBrowser.php:218
/home/edmunds/magebit-challenge/vendor/laravel/dusk/src/Concerns/ProvidesBrowser.php:98
/home/edmunds/magebit-challenge/vendor/laravel/dusk/src/Concerns/ProvidesBrowser.php:66
/home/edmunds/magebit-challenge/tests/Browser/AppStylingTest.php:299</error>
      </testcase>
      <testcase name="testFooterLinksUnderline" class="Tests\Browser\AppStylingTest" classname="Tests.Browser.AppStylingTest" file="/home/edmunds/magebit-challenge/tests/Browser/AppStylingTest.php" line="317" assertions="0" time="0.231124">
        <error type="Facebook\WebDriver\Exception\Internal\WebDriverCurlException">Tests\Browser\AppStylingTest::testFooterLinksUnderline
Facebook\WebDriver\Exception\Internal\WebDriverCurlException: Curl error thrown for http POST to /session with params: {"capabilities":{"firstMatch":[{"browserName":"chrome","goog:chromeOptions":{"args":["--window-size=1920,1080","--disable-gpu","--headless"]}}]},"desiredCapabilities":{"browserName":"chrome","platform":"ANY","chromeOptions":{"args":["--window-size=1920,1080","--disable-gpu","--headless"]}}}

Failed to connect to localhost port 9515: Connection refused

/home/edmunds/magebit-challenge/vendor/php-webdriver/webdriver/lib/Exception/Internal/WebDriverCurlException.php:20
/home/edmunds/magebit-challenge/vendor/php-webdriver/webdriver/lib/Remote/HttpCommandExecutor.php:328
/home/edmunds/magebit-challenge/vendor/php-webdriver/webdriver/lib/Remote/RemoteWebDriver.php:129
/home/edmunds/magebit-challenge/tests/DuskTestCase.php:43
/home/edmunds/magebit-challenge/vendor/laravel/dusk/src/Concerns/ProvidesBrowser.php:219
/home/edmunds/magebit-challenge/vendor/laravel/framework/src/Illuminate/Support/helpers.php:234
/home/edmunds/magebit-challenge/vendor/laravel/dusk/src/Concerns/ProvidesBrowser.php:218
/home/edmunds/magebit-challenge/vendor/laravel/dusk/src/Concerns/ProvidesBrowser.php:98
/home/edmunds/magebit-challenge/vendor/laravel/dusk/src/Concerns/ProvidesBrowser.php:66
/home/edmunds/magebit-challenge/tests/Browser/AppStylingTest.php:319</error>
      </testcase>
      <testcase name="testCheckboxStyling" class="Tests\Browser\AppStylingTest" classname="Tests.Browser.AppStylingTest" file="/home/edmunds/magebit-challenge/tests/Browser/AppStylingTest.php" line="337" assertions="0" time="0.227641">
        <error type="Facebook\WebDriver\Exception\Internal\WebDriverCurlException">Tests\Browser\AppStylingTest::testCheckboxStyling
Facebook\WebDriver\Exception\Internal\WebDriverCurlException: Curl error thrown for http POST to /session with params: {"capabilities":{"firstMatch":[{"browserName":"chrome","goog:chromeOptions":{"args":["--window-size=1920,1080","--disable-gpu","--headless"]}}]},"desiredCapabilities":{"browserName":"chrome","platform":"ANY","chromeOptions":{"args":["--window-size=1920,1080","--disable-gpu","--headless"]}}}

Failed to connect to localhost port 9515: Connection refused

/home/edmunds/magebit-challenge/vendor/php-webdriver/webdriver/lib/Exception/Internal/WebDriverCurlException.php:20
/home/edmunds/magebit-challenge/vendor/php-webdriver/webdriver/lib/Remote/HttpCommandExecutor.php:328
/home/edmunds/magebit-challenge/vendor/php-webdriver/webdriver/lib/Remote/RemoteWebDriver.php:129
/home/edmunds/magebit-challenge/tests/DuskTestCase.php:43
/home/edmunds/magebit-challenge/vendor/laravel/dusk/src/Concerns/ProvidesBrowser.php:219
/home/edmunds/magebit-challenge/vendor/laravel/framework/src/Illuminate/Support/helpers.php:234
/home/edmunds/magebit-challenge/vendor/laravel/dusk/src/Concerns/ProvidesBrowser.php:218
/home/edmunds/magebit-challenge/vendor/laravel/dusk/src/Concerns/ProvidesBrowser.php:98
/home/edmunds/magebit-challenge/vendor/laravel/dusk/src/Concerns/ProvidesBrowser.php:66
/home/edmunds/magebit-challenge/tests/Browser/AppStylingTest.php:339</error>
      </testcase>
      <testcase name="testRegisterSectionTitle" class="Tests\Browser\AppStylingTest" classname="Tests.Browser.AppStylingTest" file="/home/edmunds/magebit-challenge/tests/Browser/AppStylingTest.php" line="371" assertions="0" time="0.229113">
        <error type="Facebook\WebDriver\Exception\Internal\WebDriverCurlException">Tests\Browser\AppStylingTest::testRegisterSectionTitle
Facebook\WebDriver\Exception\Internal\WebDriverCurlException: Curl error thrown for http POST to /session with params: {"capabilities":{"firstMatch":[{"browserName":"chrome","goog:chromeOptions":{"args":["--window-size=1920,1080","--disable-gpu","--headless"]}}]},"desiredCapabilities":{"browserName":"chrome","platform":"ANY","chromeOptions":{"args":["--window-size=1920,1080","--disable-gpu","--headless"]}}}

Failed to connect to localhost port 9515: Connection refused

/home/edmunds/magebit-challenge/vendor/php-webdriver/webdriver/lib/Exception/Internal/WebDriverCurlException.php:20
/home/edmunds/magebit-challenge/vendor/php-webdriver/webdriver/lib/Remote/HttpCommandExecutor.php:328
/home/edmunds/magebit-challenge/vendor/php-webdriver/webdriver/lib/Remote/RemoteWebDriver.php:129
/home/edmunds/magebit-challenge/tests/DuskTestCase.php:43
/home/edmunds/magebit-challenge/vendor/laravel/dusk/src/Concerns/ProvidesBrowser.php:219
/home/edmunds/magebit-challenge/vendor/laravel/framework/src/Illuminate/Support/helpers.php:234
/home/edmunds/magebit-challenge/vendor/laravel/dusk/src/Concerns/ProvidesBrowser.php:218
/home/edmunds/magebit-challenge/vendor/laravel/dusk/src/Concerns/ProvidesBrowser.php:98
/home/edmunds/magebit-challenge/vendor/laravel/dusk/src/Concerns/ProvidesBrowser.php:66
/home/edmunds/magebit-challenge/tests/Browser/AppStylingTest.php:373</error>
      </testcase>
      <testcase name="testRegisterFormTitles" class="Tests\Browser\AppStylingTest" classname="Tests.Browser.AppStylingTest" file="/home/edmunds/magebit-challenge/tests/Browser/AppStylingTest.php" line="389" assertions="0" time="0.238379">
        <error type="Facebook\WebDriver\Exception\Internal\WebDriverCurlException">Tests\Browser\AppStylingTest::testRegisterFormTitles
Facebook\WebDriver\Exception\Internal\WebDriverCurlException: Curl error thrown for http POST to /session with params: {"capabilities":{"firstMatch":[{"browserName":"chrome","goog:chromeOptions":{"args":["--window-size=1920,1080","--disable-gpu","--headless"]}}]},"desiredCapabilities":{"browserName":"chrome","platform":"ANY","chromeOptions":{"args":["--window-size=1920,1080","--disable-gpu","--headless"]}}}

Failed to connect to localhost port 9515: Connection refused

/home/edmunds/magebit-challenge/vendor/php-webdriver/webdriver/lib/Exception/Internal/WebDriverCurlException.php:20
/home/edmunds/magebit-challenge/vendor/php-webdriver/webdriver/lib/Remote/HttpCommandExecutor.php:328
/home/edmunds/magebit-challenge/vendor/php-webdriver/webdriver/lib/Remote/RemoteWebDriver.php:129
/home/edmunds/magebit-challenge/tests/DuskTestCase.php:43
/home/edmunds/magebit-challenge/vendor/laravel/dusk/src/Concerns/ProvidesBrowser.php:219
/home/edmunds/magebit-challenge/vendor/laravel/framework/src/Illuminate/Support/helpers.php:234
/home/edmunds/magebit-challenge/vendor/laravel/dusk/src/Concerns/ProvidesBrowser.php:218
/home/edmunds/magebit-challenge/vendor/laravel/dusk/src/Concerns/ProvidesBrowser.php:98
/home/edmunds/magebit-challenge/vendor/laravel/dusk/src/Concerns/ProvidesBrowser.php:66
/home/edmunds/magebit-challenge/tests/Browser/AppStylingTest.php:391</error>
      </testcase>
      <testcase name="testFooterCopyright" class="Tests\Browser\AppStylingTest" classname="Tests.Browser.AppStylingTest" file="/home/edmunds/magebit-challenge/tests/Browser/AppStylingTest.php" line="414" assertions="0" time="0.229361">
        <error type="Facebook\WebDriver\Exception\Internal\WebDriverCurlException">Tests\Browser\AppStylingTest::testFooterCopyright
Facebook\WebDriver\Exception\Internal\WebDriverCurlException: Curl error thrown for http POST to /session with params: {"capabilities":{"firstMatch":[{"browserName":"chrome","goog:chromeOptions":{"args":["--window-size=1920,1080","--disable-gpu","--headless"]}}]},"desiredCapabilities":{"browserName":"chrome","platform":"ANY","chromeOptions":{"args":["--window-size=1920,1080","--disable-gpu","--headless"]}}}

Failed to connect to localhost port 9515: Connection refused

/home/edmunds/magebit-challenge/vendor/php-webdriver/webdriver/lib/Exception/Internal/WebDriverCurlException.php:20
/home/edmunds/magebit-challenge/vendor/php-webdriver/webdriver/lib/Remote/HttpCommandExecutor.php:328
/home/edmunds/magebit-challenge/vendor/php-webdriver/webdriver/lib/Remote/RemoteWebDriver.php:129
/home/edmunds/magebit-challenge/tests/DuskTestCase.php:43
/home/edmunds/magebit-challenge/vendor/laravel/dusk/src/Concerns/ProvidesBrowser.php:219
/home/edmunds/magebit-challenge/vendor/laravel/framework/src/Illuminate/Support/helpers.php:234
/home/edmunds/magebit-challenge/vendor/laravel/dusk/src/Concerns/ProvidesBrowser.php:218
/home/edmunds/magebit-challenge/vendor/laravel/dusk/src/Concerns/ProvidesBrowser.php:98
/home/edmunds/magebit-challenge/vendor/laravel/dusk/src/Concerns/ProvidesBrowser.php:66
/home/edmunds/magebit-challenge/tests/Browser/AppStylingTest.php:416</error>
      </testcase>
    </testsuite>
  </testsuite>
</testsuites>
